2026-04-25 17:51:34.809 +03:00 [DBG] Microsoft.Extensions.Hosting.Internal.Host Hosting starting
2026-04-25 17:51:34.856 +03:00 [INF] Microsoft.AspNetCore.DataProtection.KeyManagement.XmlKeyManager User profile is available. Using 'C:\Users\softw\AppData\Local\ASP.NET\DataProtection-Keys' as key repository and Windows DPAPI to encrypt keys at rest.
2026-04-25 17:51:34.949 +03:00 [INF] Microsoft.AspNetCore.DataProtection.KeyManagement.XmlKeyManager Creating key {b293f49e-e75f-4052-9f07-153c81af41c9} with creation date 2026-04-25 14:51:34Z, activation date 2026-04-25 14:51:34Z, and expiration date 2026-07-24 14:51:34Z.
2026-04-25 17:51:34.957 +03:00 [INF] Microsoft.AspNetCore.DataProtection.Repositories.FileSystemXmlRepository Writing data to file 'C:\Users\softw\AppData\Local\ASP.NET\DataProtection-Keys\key-b293f49e-e75f-4052-9f07-153c81af41c9.xml'.
2026-04-25 17:51:35.120 +03:00 [INF] Microsoft.Hosting.Lifetime Now listening on: http://localhost:5259
2026-04-25 17:51:35.121 +03:00 [INF] Microsoft.Hosting.Lifetime Application started. Press Ctrl+C to shut down.
2026-04-25 17:51:35.122 +03:00 [INF] Microsoft.Hosting.Lifetime Hosting environment: Development
2026-04-25 17:51:35.122 +03:00 [INF] Microsoft.Hosting.Lifetime Content root path: d:\modaar\Backend\modaar.api\modaar.api
2026-04-25 17:51:35.123 +03:00 [DBG] Microsoft.Extensions.Hosting.Internal.Host Hosting started
2026-04-25 17:52:03.171 +03:00 [INF] Microsoft.AspNetCore.Hosting.Diagnostics Request starting HTTP/1.1 GET http://localhost:5259/WeatherForecast - null null
2026-04-25 17:52:03.212 +03:00 [WRN] Microsoft.AspNetCore.HttpsPolicy.HttpsRedirectionMiddleware Failed to determine the https port for redirect.
2026-04-25 17:52:03.234 +03:00 [INF] Microsoft.AspNetCore.Routing.EndpointMiddleware Executing endpoint 'modaar.api.Controllers.WeatherForecastController.Get (modaar.api)'
2026-04-25 17:52:03.254 +03:00 [INF] Microsoft.AspNetCore.Mvc.Infrastructure.ControllerActionInvoker Route matched with {action = "Get", controller = "WeatherForecast"}. Executing controller action with signature System.Collections.Generic.IEnumerable`1[modaar.api.WeatherForecast] Get() on controller modaar.api.Controllers.WeatherForecastController (modaar.api).
2026-04-25 17:52:03.268 +03:00 [INF] Microsoft.AspNetCore.Mvc.Infrastructure.ObjectResultExecutor Executing ObjectResult, writing value of type 'modaar.api.WeatherForecast[]'.
2026-04-25 17:52:03.397 +03:00 [INF] Microsoft.AspNetCore.Mvc.Infrastructure.ControllerActionInvoker Executed action modaar.api.Controllers.WeatherForecastController.Get (modaar.api) in 139.0413ms
2026-04-25 17:52:03.408 +03:00 [INF] Microsoft.AspNetCore.Routing.EndpointMiddleware Executed endpoint 'modaar.api.Controllers.WeatherForecastController.Get (modaar.api)'
2026-04-25 17:52:03.411 +03:00 [INF] Serilog.AspNetCore.RequestLoggingMiddleware HTTP GET /WeatherForecast responded 200 in 217.7133 ms
2026-04-25 17:52:03.413 +03:00 [INF] Microsoft.AspNetCore.Hosting.Diagnostics Request finished HTTP/1.1 GET http://localhost:5259/WeatherForecast - 200 null application/json; charset=utf-8 245.3257ms
2026-04-25 17:52:03.497 +03:00 [INF] Microsoft.AspNetCore.Hosting.Diagnostics Request starting HTTP/1.1 GET http://localhost:5259/swagger/v1/swagger.json - null null
2026-04-25 17:52:03.569 +03:00 [INF] Serilog.AspNetCore.RequestLoggingMiddleware HTTP GET /swagger/v1/swagger.json responded 200 in 71.7075 ms
2026-04-25 17:52:03.570 +03:00 [INF] Microsoft.AspNetCore.Hosting.Diagnostics Request finished HTTP/1.1 GET http://localhost:5259/swagger/v1/swagger.json - 200 null application/json;charset=utf-8 72.941ms
2026-04-25 17:52:03.643 +03:00 [INF] Microsoft.AspNetCore.Hosting.Diagnostics Request starting HTTP/1.1 GET http://localhost:5259/swagger/index.html - null null
2026-04-25 17:52:03.708 +03:00 [INF] Serilog.AspNetCore.RequestLoggingMiddleware HTTP GET /swagger/index.html responded 200 in 65.2795 ms
2026-04-25 17:52:03.709 +03:00 [INF] Microsoft.AspNetCore.Hosting.Diagnostics Request finished HTTP/1.1 GET http://localhost:5259/swagger/index.html - 200 null text/html;charset=utf-8 65.7987ms
2026-04-25 17:53:48.639 +03:00 [DBG] Microsoft.Extensions.Hosting.Internal.Host Hosting starting
2026-04-25 17:53:48.691 +03:00 [INF] Microsoft.AspNetCore.DataProtection.KeyManagement.XmlKeyManager User profile is available. Using 'C:\Users\softw\AppData\Local\ASP.NET\DataProtection-Keys' as key repository and Windows DPAPI to encrypt keys at rest.
2026-04-25 17:53:48.803 +03:00 [ERR] Microsoft.Extensions.Hosting.Internal.Host Hosting failed to start
System.InvalidOperationException: Unable to configure HTTPS endpoint. No server certificate was specified, and the default developer certificate could not be found or is out of date.
To generate a developer certificate run 'dotnet dev-certs https'. To trust the certificate (Windows and macOS only) run 'dotnet dev-certs https --trust'.
For more information on configuring HTTPS see https://go.microsoft.com/fwlink/?linkid=848054.
   at Microsoft.AspNetCore.Hosting.ListenOptionsHttpsExtensions.UseHttps(ListenOptions listenOptions, Action`1 configureOptions)
   at Microsoft.AspNetCore.Server.Kestrel.Core.Internal.AddressBinder.AddressesStrategy.BindAsync(AddressBindContext context, CancellationToken cancellationToken)
   at Microsoft.AspNetCore.Server.Kestrel.Core.KestrelServerImpl.BindAsync(CancellationToken cancellationToken)
   at Microsoft.AspNetCore.Server.Kestrel.Core.KestrelServerImpl.StartAsync[TContext](IHttpApplication`1 application, CancellationToken cancellationToken)
   at Microsoft.AspNetCore.Hosting.GenericWebHostService.StartAsync(CancellationToken cancellationToken)
   at Microsoft.Extensions.Hosting.Internal.Host.<StartAsync>b__14_1(IHostedService service, CancellationToken token)
   at Microsoft.Extensions.Hosting.Internal.Host.ForeachService[T](IEnumerable`1 services, CancellationToken token, Boolean concurrent, Boolean abortOnFirstException, List`1 exceptions, Func`3 operation)
2026-04-25 17:53:48.818 +03:00 [FTL]  Modaar API terminated unexpectedly
System.InvalidOperationException: Unable to configure HTTPS endpoint. No server certificate was specified, and the default developer certificate could not be found or is out of date.
To generate a developer certificate run 'dotnet dev-certs https'. To trust the certificate (Windows and macOS only) run 'dotnet dev-certs https --trust'.
For more information on configuring HTTPS see https://go.microsoft.com/fwlink/?linkid=848054.
   at Microsoft.AspNetCore.Hosting.ListenOptionsHttpsExtensions.UseHttps(ListenOptions listenOptions, Action`1 configureOptions)
   at Microsoft.AspNetCore.Server.Kestrel.Core.Internal.AddressBinder.AddressesStrategy.BindAsync(AddressBindContext context, CancellationToken cancellationToken)
   at Microsoft.AspNetCore.Server.Kestrel.Core.KestrelServerImpl.BindAsync(CancellationToken cancellationToken)
   at Microsoft.AspNetCore.Server.Kestrel.Core.KestrelServerImpl.StartAsync[TContext](IHttpApplication`1 application, CancellationToken cancellationToken)
   at Microsoft.AspNetCore.Hosting.GenericWebHostService.StartAsync(CancellationToken cancellationToken)
   at Microsoft.Extensions.Hosting.Internal.Host.<StartAsync>b__14_1(IHostedService service, CancellationToken token)
   at Microsoft.Extensions.Hosting.Internal.Host.ForeachService[T](IEnumerable`1 services, CancellationToken token, Boolean concurrent, Boolean abortOnFirstException, List`1 exceptions, Func`3 operation)
   at Microsoft.Extensions.Hosting.Internal.Host.StartAsync(CancellationToken cancellationToken)
   at Microsoft.Extensions.Hosting.HostingAbstractionsHostExtensions.RunAsync(IHost host, CancellationToken token)
   at Microsoft.Extensions.Hosting.HostingAbstractionsHostExtensions.RunAsync(IHost host, CancellationToken token)
   at Microsoft.Extensions.Hosting.HostingAbstractionsHostExtensions.Run(IHost host)
   at Program.<Main>$(String[] args) in d:\modaar\Backend\modaar.api\modaar.api\Program.cs:line 38
2026-04-25 17:55:46.096 +03:00 [DBG] Microsoft.Extensions.Hosting.Internal.Host Hosting starting
2026-04-25 17:55:46.149 +03:00 [INF] Microsoft.AspNetCore.DataProtection.KeyManagement.XmlKeyManager User profile is available. Using 'C:\Users\softw\AppData\Local\ASP.NET\DataProtection-Keys' as key repository and Windows DPAPI to encrypt keys at rest.
2026-04-25 17:55:46.238 +03:00 [ERR] Microsoft.Extensions.Hosting.Internal.Host Hosting failed to start
System.InvalidOperationException: Unable to configure HTTPS endpoint. No server certificate was specified, and the default developer certificate could not be found or is out of date.
To generate a developer certificate run 'dotnet dev-certs https'. To trust the certificate (Windows and macOS only) run 'dotnet dev-certs https --trust'.
For more information on configuring HTTPS see https://go.microsoft.com/fwlink/?linkid=848054.
   at Microsoft.AspNetCore.Hosting.ListenOptionsHttpsExtensions.UseHttps(ListenOptions listenOptions, Action`1 configureOptions)
   at Microsoft.AspNetCore.Server.Kestrel.Core.Internal.AddressBinder.AddressesStrategy.BindAsync(AddressBindContext context, CancellationToken cancellationToken)
   at Microsoft.AspNetCore.Server.Kestrel.Core.KestrelServerImpl.BindAsync(CancellationToken cancellationToken)
   at Microsoft.AspNetCore.Server.Kestrel.Core.KestrelServerImpl.StartAsync[TContext](IHttpApplication`1 application, CancellationToken cancellationToken)
   at Microsoft.AspNetCore.Hosting.GenericWebHostService.StartAsync(CancellationToken cancellationToken)
   at Microsoft.Extensions.Hosting.Internal.Host.<StartAsync>b__14_1(IHostedService service, CancellationToken token)
   at Microsoft.Extensions.Hosting.Internal.Host.ForeachService[T](IEnumerable`1 services, CancellationToken token, Boolean concurrent, Boolean abortOnFirstException, List`1 exceptions, Func`3 operation)
2026-04-25 17:55:46.250 +03:00 [FTL]  Modaar API terminated unexpectedly
System.InvalidOperationException: Unable to configure HTTPS endpoint. No server certificate was specified, and the default developer certificate could not be found or is out of date.
To generate a developer certificate run 'dotnet dev-certs https'. To trust the certificate (Windows and macOS only) run 'dotnet dev-certs https --trust'.
For more information on configuring HTTPS see https://go.microsoft.com/fwlink/?linkid=848054.
   at Microsoft.AspNetCore.Hosting.ListenOptionsHttpsExtensions.UseHttps(ListenOptions listenOptions, Action`1 configureOptions)
   at Microsoft.AspNetCore.Server.Kestrel.Core.Internal.AddressBinder.AddressesStrategy.BindAsync(AddressBindContext context, CancellationToken cancellationToken)
   at Microsoft.AspNetCore.Server.Kestrel.Core.KestrelServerImpl.BindAsync(CancellationToken cancellationToken)
   at Microsoft.AspNetCore.Server.Kestrel.Core.KestrelServerImpl.StartAsync[TContext](IHttpApplication`1 application, CancellationToken cancellationToken)
   at Microsoft.AspNetCore.Hosting.GenericWebHostService.StartAsync(CancellationToken cancellationToken)
   at Microsoft.Extensions.Hosting.Internal.Host.<StartAsync>b__14_1(IHostedService service, CancellationToken token)
   at Microsoft.Extensions.Hosting.Internal.Host.ForeachService[T](IEnumerable`1 services, CancellationToken token, Boolean concurrent, Boolean abortOnFirstException, List`1 exceptions, Func`3 operation)
   at Microsoft.Extensions.Hosting.Internal.Host.StartAsync(CancellationToken cancellationToken)
   at Microsoft.Extensions.Hosting.HostingAbstractionsHostExtensions.RunAsync(IHost host, CancellationToken token)
   at Microsoft.Extensions.Hosting.HostingAbstractionsHostExtensions.RunAsync(IHost host, CancellationToken token)
   at Microsoft.Extensions.Hosting.HostingAbstractionsHostExtensions.Run(IHost host)
   at Program.<Main>$(String[] args) in d:\modaar\Backend\modaar.api\modaar.api\Program.cs:line 38
2026-04-25 17:56:30.589 +03:00 [DBG] Microsoft.Extensions.Hosting.Internal.Host Hosting starting
2026-04-25 17:56:30.637 +03:00 [INF] Microsoft.AspNetCore.DataProtection.KeyManagement.XmlKeyManager User profile is available. Using 'C:\Users\softw\AppData\Local\ASP.NET\DataProtection-Keys' as key repository and Windows DPAPI to encrypt keys at rest.
2026-04-25 17:56:30.746 +03:00 [INF] Microsoft.Hosting.Lifetime Now listening on: https://localhost:7055
2026-04-25 17:56:30.746 +03:00 [INF] Microsoft.Hosting.Lifetime Now listening on: http://localhost:5259
2026-04-25 17:56:30.747 +03:00 [INF] Microsoft.Hosting.Lifetime Application started. Press Ctrl+C to shut down.
2026-04-25 17:56:30.747 +03:00 [INF] Microsoft.Hosting.Lifetime Hosting environment: Development
2026-04-25 17:56:30.747 +03:00 [INF] Microsoft.Hosting.Lifetime Content root path: d:\modaar\Backend\modaar.api\modaar.api
2026-04-25 17:56:30.747 +03:00 [DBG] Microsoft.Extensions.Hosting.Internal.Host Hosting started
2026-04-25 17:56:48.356 +03:00 [INF] Microsoft.AspNetCore.Hosting.Diagnostics Request starting HTTP/1.1 GET https://localhost:7055/WeatherForecast - null null
2026-04-25 17:56:48.418 +03:00 [INF] Microsoft.AspNetCore.Routing.EndpointMiddleware Executing endpoint 'modaar.api.Controllers.WeatherForecastController.Get (modaar.api)'
2026-04-25 17:56:48.437 +03:00 [INF] Microsoft.AspNetCore.Mvc.Infrastructure.ControllerActionInvoker Route matched with {action = "Get", controller = "WeatherForecast"}. Executing controller action with signature System.Collections.Generic.IEnumerable`1[modaar.api.WeatherForecast] Get() on controller modaar.api.Controllers.WeatherForecastController (modaar.api).
2026-04-25 17:56:48.452 +03:00 [INF] Microsoft.AspNetCore.Mvc.Infrastructure.ObjectResultExecutor Executing ObjectResult, writing value of type 'modaar.api.WeatherForecast[]'.
2026-04-25 17:56:48.549 +03:00 [INF] Microsoft.AspNetCore.Mvc.Infrastructure.ControllerActionInvoker Executed action modaar.api.Controllers.WeatherForecastController.Get (modaar.api) in 107.965ms
2026-04-25 17:56:48.559 +03:00 [INF] Microsoft.AspNetCore.Routing.EndpointMiddleware Executed endpoint 'modaar.api.Controllers.WeatherForecastController.Get (modaar.api)'
2026-04-25 17:56:48.561 +03:00 [INF] Serilog.AspNetCore.RequestLoggingMiddleware HTTP GET /WeatherForecast responded 200 in 187.8232 ms
2026-04-25 17:56:48.563 +03:00 [INF] Microsoft.AspNetCore.Hosting.Diagnostics Request finished HTTP/1.1 GET https://localhost:7055/WeatherForecast - 200 null application/json; charset=utf-8 207.8286ms
2026-04-25 17:56:48.629 +03:00 [INF] Microsoft.AspNetCore.Hosting.Diagnostics Request starting HTTP/1.1 GET https://localhost:7055/swagger/index.html - null null
2026-04-25 17:56:48.673 +03:00 [INF] Serilog.AspNetCore.RequestLoggingMiddleware HTTP GET /swagger/index.html responded 200 in 44.2460 ms
2026-04-25 17:56:48.674 +03:00 [INF] Microsoft.AspNetCore.Hosting.Diagnostics Request finished HTTP/1.1 GET https://localhost:7055/swagger/index.html - 200 null text/html;charset=utf-8 45.0529ms
2026-04-25 17:56:59.123 +03:00 [INF] Microsoft.AspNetCore.Hosting.Diagnostics Request starting HTTP/2 GET https://localhost:7055/swagger - null null
2026-04-25 17:56:59.126 +03:00 [INF] Serilog.AspNetCore.RequestLoggingMiddleware HTTP GET /swagger responded 301 in 2.0778 ms
2026-04-25 17:56:59.128 +03:00 [INF] Microsoft.AspNetCore.Hosting.Diagnostics Request finished HTTP/2 GET https://localhost:7055/swagger - 301 0 null 5.2519ms
2026-04-25 17:56:59.155 +03:00 [INF] Microsoft.AspNetCore.Hosting.Diagnostics Request starting HTTP/2 GET https://localhost:7055/swagger/index.html - null null
2026-04-25 17:56:59.158 +03:00 [INF] Serilog.AspNetCore.RequestLoggingMiddleware HTTP GET /swagger/index.html responded 200 in 2.0434 ms
2026-04-25 17:56:59.159 +03:00 [INF] Microsoft.AspNetCore.Hosting.Diagnostics Request finished HTTP/2 GET https://localhost:7055/swagger/index.html - 200 null text/html;charset=utf-8 3.4449ms
2026-04-25 17:56:59.232 +03:00 [INF] Microsoft.AspNetCore.Hosting.Diagnostics Request starting HTTP/2 GET https://localhost:7055/swagger/swagger-ui.css - null null
2026-04-25 17:56:59.234 +03:00 [INF] Microsoft.AspNetCore.Hosting.Diagnostics Request starting HTTP/2 GET https://localhost:7055/swagger/index.css - null null
2026-04-25 17:56:59.238 +03:00 [INF] Microsoft.AspNetCore.Hosting.Diagnostics Request starting HTTP/2 GET https://localhost:7055/swagger/swagger-ui-bundle.js - null null
2026-04-25 17:56:59.244 +03:00 [INF] Microsoft.AspNetCore.Hosting.Diagnostics Request starting HTTP/2 GET https://localhost:7055/swagger/swagger-ui-standalone-preset.js - null null
2026-04-25 17:56:59.253 +03:00 [INF] Microsoft.AspNetCore.Hosting.Diagnostics Request starting HTTP/2 GET https://localhost:7055/swagger/index.js - null null
2026-04-25 17:56:59.253 +03:00 [INF] Serilog.AspNetCore.RequestLoggingMiddleware HTTP GET /swagger/index.css responded 200 in 18.0498 ms
2026-04-25 17:56:59.253 +03:00 [INF] Microsoft.AspNetCore.Hosting.Diagnostics Request finished HTTP/2 GET https://localhost:7055/swagger/index.css - 200 152 text/css 18.6776ms
2026-04-25 17:56:59.254 +03:00 [INF] Serilog.AspNetCore.RequestLoggingMiddleware HTTP GET /swagger/index.js responded 200 in 0.6886 ms
2026-04-25 17:56:59.254 +03:00 [INF] Microsoft.AspNetCore.Hosting.Diagnostics Request finished HTTP/2 GET https://localhost:7055/swagger/index.js - 200 null application/javascript;charset=utf-8 1.3655ms
2026-04-25 17:56:59.270 +03:00 [INF] Serilog.AspNetCore.RequestLoggingMiddleware HTTP GET /swagger/swagger-ui.css responded 200 in 38.0279 ms
2026-04-25 17:56:59.270 +03:00 [INF] Serilog.AspNetCore.RequestLoggingMiddleware HTTP GET /swagger/swagger-ui-standalone-preset.js responded 200 in 25.4935 ms
2026-04-25 17:56:59.271 +03:00 [INF] Serilog.AspNetCore.RequestLoggingMiddleware HTTP GET /swagger/swagger-ui-bundle.js responded 200 in 32.8034 ms
2026-04-25 17:56:59.271 +03:00 [INF] Microsoft.AspNetCore.Hosting.Diagnostics Request finished HTTP/2 GET https://localhost:7055/swagger/swagger-ui.css - 200 26479 text/css 39.4735ms
2026-04-25 17:56:59.271 +03:00 [INF] Microsoft.AspNetCore.Hosting.Diagnostics Request finished HTTP/2 GET https://localhost:7055/swagger/swagger-ui-standalone-preset.js - 200 76613 text/javascript 26.9847ms
2026-04-25 17:56:59.272 +03:00 [INF] Microsoft.AspNetCore.Hosting.Diagnostics Request finished HTTP/2 GET https://localhost:7055/swagger/swagger-ui-bundle.js - 200 418181 text/javascript 34.2609ms
2026-04-25 17:56:59.669 +03:00 [INF] Microsoft.AspNetCore.Hosting.Diagnostics Request starting HTTP/2 GET https://localhost:7055/swagger/v1/swagger.json - null null
2026-04-25 17:56:59.716 +03:00 [INF] Microsoft.AspNetCore.Hosting.Diagnostics Request starting HTTP/2 GET https://localhost:7055/swagger/favicon-32x32.png - null null
2026-04-25 17:56:59.719 +03:00 [INF] Serilog.AspNetCore.RequestLoggingMiddleware HTTP GET /swagger/favicon-32x32.png responded 200 in 2.5112 ms
2026-04-25 17:56:59.720 +03:00 [INF] Microsoft.AspNetCore.Hosting.Diagnostics Request finished HTTP/2 GET https://localhost:7055/swagger/favicon-32x32.png - 200 628 image/png 3.3013ms
2026-04-25 17:56:59.883 +03:00 [INF] Serilog.AspNetCore.RequestLoggingMiddleware HTTP GET /swagger/v1/swagger.json responded 200 in 214.0851 ms
2026-04-25 17:56:59.884 +03:00 [INF] Microsoft.AspNetCore.Hosting.Diagnostics Request finished HTTP/2 GET https://localhost:7055/swagger/v1/swagger.json - 200 null application/json;charset=utf-8 214.9514ms
2026-04-25 18:01:20.516 +03:00 [FTL]  Modaar API terminated unexpectedly
Microsoft.Extensions.Hosting.HostAbortedException: The host was aborted.
   at Microsoft.Extensions.Hosting.HostFactoryResolver.HostingListener.ThrowHostAborted()
   at Microsoft.Extensions.Hosting.HostFactoryResolver.HostingListener.OnNext(KeyValuePair`2 value)
   at System.Diagnostics.DiagnosticListener.Write(String name, Object value)
   at System.Diagnostics.DiagnosticSource.Write[T](String name, T value)
   at Microsoft.Extensions.Hosting.HostBuilder.ResolveHost(IServiceProvider serviceProvider, DiagnosticListener diagnosticListener)
   at Microsoft.Extensions.Hosting.HostApplicationBuilder.Build()
   at Microsoft.AspNetCore.Builder.WebApplicationBuilder.Build()
   at Program.<Main>$(String[] args) in d:\modaar\Backend\modaar.api\modaar.api\Program.cs:line 23
2026-04-25 18:21:05.700 +03:00 [INF] Microsoft.AspNetCore.Mvc.Infrastructure.DefaultActionDescriptorCollectionProvider No action descriptors found. This may indicate an incorrectly configured application or missing application parts. To learn more, visit https://aka.ms/aspnet/mvc/app-parts
2026-04-25 18:21:05.730 +03:00 [DBG] Microsoft.Extensions.Hosting.Internal.Host Hosting starting
2026-04-25 18:21:05.746 +03:00 [INF] Microsoft.AspNetCore.DataProtection.KeyManagement.XmlKeyManager User profile is available. Using 'C:\Users\softw\AppData\Local\ASP.NET\DataProtection-Keys' as key repository and Windows DPAPI to encrypt keys at rest.
2026-04-25 18:21:05.806 +03:00 [INF] Microsoft.Hosting.Lifetime Now listening on: http://localhost:5259
2026-04-25 18:21:05.807 +03:00 [INF] Microsoft.Hosting.Lifetime Application started. Press Ctrl+C to shut down.
2026-04-25 18:21:05.807 +03:00 [INF] Microsoft.Hosting.Lifetime Hosting environment: Development
2026-04-25 18:21:05.807 +03:00 [INF] Microsoft.Hosting.Lifetime Content root path: d:\modaar\Backend\modaar.api\modaar.api
2026-04-25 18:21:05.810 +03:00 [DBG] Microsoft.Extensions.Hosting.Internal.Host Hosting started
2026-04-25 18:27:59.923 +03:00 [DBG] Microsoft.Extensions.Hosting.Internal.Host Hosting starting
2026-04-25 18:27:59.973 +03:00 [INF] Microsoft.AspNetCore.DataProtection.KeyManagement.XmlKeyManager User profile is available. Using 'C:\Users\softw\AppData\Local\ASP.NET\DataProtection-Keys' as key repository and Windows DPAPI to encrypt keys at rest.
2026-04-25 18:28:00.051 +03:00 [INF] Microsoft.Hosting.Lifetime Now listening on: http://localhost:5259
2026-04-25 18:28:00.052 +03:00 [INF] Microsoft.Hosting.Lifetime Application started. Press Ctrl+C to shut down.
2026-04-25 18:28:00.052 +03:00 [INF] Microsoft.Hosting.Lifetime Hosting environment: Development
2026-04-25 18:28:00.052 +03:00 [INF] Microsoft.Hosting.Lifetime Content root path: d:\modaar\Backend\modaar.api\modaar.api
2026-04-25 18:28:00.052 +03:00 [DBG] Microsoft.Extensions.Hosting.Internal.Host Hosting started
2026-04-25 18:30:27.014 +03:00 [INF] Microsoft.AspNetCore.Hosting.Diagnostics Request starting HTTP/1.1 POST http://localhost:5259/api/auth/register - application/json 192
2026-04-25 18:30:27.058 +03:00 [WRN] Microsoft.AspNetCore.HttpsPolicy.HttpsRedirectionMiddleware Failed to determine the https port for redirect.
2026-04-25 18:30:27.077 +03:00 [INF] Microsoft.AspNetCore.Routing.EndpointMiddleware Executing endpoint 'modaar.api.Features.Authentication.Controllers.AuthController.Register (modaar.api)'
2026-04-25 18:30:27.098 +03:00 [INF] Microsoft.AspNetCore.Mvc.Infrastructure.ControllerActionInvoker Route matched with {action = "Register", controller = "Auth"}. Executing controller action with signature System.Threading.Tasks.Task`1[Microsoft.AspNetCore.Mvc.IActionResult] Register(modaar.api.Features.Authentication.Dtos.RegisterRequestDto, System.Threading.CancellationToken) on controller modaar.api.Features.Authentication.Controllers.AuthController (modaar.api).
2026-04-25 18:30:28.289 +03:00 [INF] Microsoft.EntityFrameworkCore.Database.Command Executed DbCommand (50ms) [Parameters=[@__emailNorm_0='?' (Size = 256), @__nationalIdNorm_1='?' (Size = 50), @__countryCodeNorm_2='?' (Size = 8), @__phoneNorm_3='?' (Size = 20)], CommandType='"Text"', CommandTimeout='30']
SELECT CASE
    WHEN EXISTS (
        SELECT 1
        FROM [Users] AS [u]
        WHERE [u].[IsDeleted] = CAST(0 AS bit) AND ([u].[Email] = @__emailNorm_0 OR [u].[NationalId] = @__nationalIdNorm_1 OR ([u].[CountryCode] = @__countryCodeNorm_2 AND [u].[PhoneNumber] = @__phoneNorm_3))) THEN CAST(1 AS bit)
    ELSE CAST(0 AS bit)
END
2026-04-25 18:30:28.455 +03:00 [INF] Microsoft.EntityFrameworkCore.Database.Command Executed DbCommand (20ms) [Parameters=[@p0='?' (DbType = Guid), @p1='?' (Size = 20), @p2='?' (Size = 8), @p3='?' (DbType = DateTimeOffset), @p4='?' (Size = 256), @p5='?' (Size = 150), @p6='?' (DbType = Boolean), @p7='?' (DbType = Boolean), @p8='?' (DbType = Boolean), @p9='?' (DbType = Boolean), @p10='?' (DbType = DateTimeOffset), @p11='?' (Size = 50), @p12='?' (Size = 500), @p13='?' (Size = 20), @p14='?' (Size = 500)], CommandType='"Text"', CommandTimeout='30']
SET IMPLICIT_TRANSACTIONS OFF;
SET NOCOUNT ON;
INSERT INTO [Users] ([Id], [AccountType], [CountryCode], [DeletedAt], [Email], [FullName], [IsActive], [IsDeleted], [IsEmailVerified], [IsPhoneVerified], [LastLoginAt], [NationalId], [PasswordHash], [PhoneNumber], [ProfileImageUrl])
OUTPUT INSERTED.[CreatedAt], INSERTED.[UpdatedAt]
VALUES (@p0, @p1, @p2, @p3, @p4, @p5, @p6, @p7, @p8, @p9, @p10, @p11, @p12, @p13, @p14);
2026-04-25 18:30:28.527 +03:00 [INF] Microsoft.EntityFrameworkCore.Database.Command Executed DbCommand (11ms) [Parameters=[@p0='?' (DbType = Guid), @p1='?' (DbType = DateTimeOffset), @p2='?' (DbType = Guid), @p3='?' (DbType = DateTimeOffset), @p4='?' (Size = 200), @p5='?' (DbType = Guid)], CommandType='"Text"', CommandTimeout='30']
SET IMPLICIT_TRANSACTIONS OFF;
SET NOCOUNT ON;
INSERT INTO [RefreshTokens] ([Id], [ExpiresAt], [ReplacedByTokenId], [RevokedAt], [TokenHash], [UserId])
OUTPUT INSERTED.[CreatedAt]
VALUES (@p0, @p1, @p2, @p3, @p4, @p5);
2026-04-25 18:30:28.535 +03:00 [INF] Microsoft.AspNetCore.Mvc.Infrastructure.ObjectResultExecutor Executing OkObjectResult, writing value of type 'modaar.api.Features.Authentication.Dtos.AuthSuccessResponseDto'.
2026-04-25 18:30:28.551 +03:00 [INF] Microsoft.AspNetCore.Mvc.Infrastructure.ControllerActionInvoker Executed action modaar.api.Features.Authentication.Controllers.AuthController.Register (modaar.api) in 1450.3903ms
2026-04-25 18:30:28.555 +03:00 [INF] Microsoft.AspNetCore.Routing.EndpointMiddleware Executed endpoint 'modaar.api.Features.Authentication.Controllers.AuthController.Register (modaar.api)'
2026-04-25 18:30:28.558 +03:00 [INF] Serilog.AspNetCore.RequestLoggingMiddleware HTTP POST /api/auth/register responded 200 in 1517.6284 ms
2026-04-25 18:30:28.565 +03:00 [INF] Microsoft.AspNetCore.Hosting.Diagnostics Request finished HTTP/1.1 POST http://localhost:5259/api/auth/register - 200 null application/json; charset=utf-8 1551.7143ms
2026-04-25 18:30:28.653 +03:00 [INF] Microsoft.AspNetCore.Hosting.Diagnostics Request starting HTTP/1.1 POST http://localhost:5259/api/auth/register - application/json 200
2026-04-25 18:30:28.657 +03:00 [INF] Microsoft.AspNetCore.Routing.EndpointMiddleware Executing endpoint 'modaar.api.Features.Authentication.Controllers.AuthController.Register (modaar.api)'
2026-04-25 18:30:28.658 +03:00 [INF] Microsoft.AspNetCore.Mvc.Infrastructure.ControllerActionInvoker Route matched with {action = "Register", controller = "Auth"}. Executing controller action with signature System.Threading.Tasks.Task`1[Microsoft.AspNetCore.Mvc.IActionResult] Register(modaar.api.Features.Authentication.Dtos.RegisterRequestDto, System.Threading.CancellationToken) on controller modaar.api.Features.Authentication.Controllers.AuthController (modaar.api).
2026-04-25 18:30:28.662 +03:00 [INF] Microsoft.AspNetCore.Mvc.Infrastructure.ObjectResultExecutor Executing ObjectResult, writing value of type 'Microsoft.AspNetCore.Mvc.ProblemDetails'.
2026-04-25 18:30:28.691 +03:00 [INF] Microsoft.AspNetCore.Mvc.Infrastructure.ControllerActionInvoker Executed action modaar.api.Features.Authentication.Controllers.AuthController.Register (modaar.api) in 32.3242ms
2026-04-25 18:30:28.691 +03:00 [INF] Microsoft.AspNetCore.Routing.EndpointMiddleware Executed endpoint 'modaar.api.Features.Authentication.Controllers.AuthController.Register (modaar.api)'
2026-04-25 18:30:28.691 +03:00 [INF] Serilog.AspNetCore.RequestLoggingMiddleware HTTP POST /api/auth/register responded 400 in 35.7721 ms
2026-04-25 18:30:28.691 +03:00 [INF] Microsoft.AspNetCore.Hosting.Diagnostics Request finished HTTP/1.1 POST http://localhost:5259/api/auth/register - 400 null application/json; charset=utf-8 38.182ms
2026-04-25 18:30:28.777 +03:00 [INF] Microsoft.AspNetCore.Hosting.Diagnostics Request starting HTTP/1.1 POST http://localhost:5259/api/auth/register - application/json 198
2026-04-25 18:30:28.780 +03:00 [INF] Microsoft.AspNetCore.Routing.EndpointMiddleware Executing endpoint 'modaar.api.Features.Authentication.Controllers.AuthController.Register (modaar.api)'
2026-04-25 18:30:28.780 +03:00 [INF] Microsoft.AspNetCore.Mvc.Infrastructure.ControllerActionInvoker Route matched with {action = "Register", controller = "Auth"}. Executing controller action with signature System.Threading.Tasks.Task`1[Microsoft.AspNetCore.Mvc.IActionResult] Register(modaar.api.Features.Authentication.Dtos.RegisterRequestDto, System.Threading.CancellationToken) on controller modaar.api.Features.Authentication.Controllers.AuthController (modaar.api).
2026-04-25 18:30:28.861 +03:00 [INF] Microsoft.EntityFrameworkCore.Database.Command Executed DbCommand (24ms) [Parameters=[@__emailNorm_0='?' (Size = 256), @__nationalIdNorm_1='?' (Size = 50), @__countryCodeNorm_2='?' (Size = 8), @__phoneNorm_3='?' (Size = 20)], CommandType='"Text"', CommandTimeout='30']
SELECT CASE
    WHEN EXISTS (
        SELECT 1
        FROM [Users] AS [u]
        WHERE [u].[IsDeleted] = CAST(0 AS bit) AND ([u].[Email] = @__emailNorm_0 OR [u].[NationalId] = @__nationalIdNorm_1 OR ([u].[CountryCode] = @__countryCodeNorm_2 AND [u].[PhoneNumber] = @__phoneNorm_3))) THEN CAST(1 AS bit)
    ELSE CAST(0 AS bit)
END
2026-04-25 18:30:28.861 +03:00 [INF] Microsoft.AspNetCore.Mvc.Infrastructure.ObjectResultExecutor Executing ObjectResult, writing value of type 'Microsoft.AspNetCore.Mvc.ProblemDetails'.
2026-04-25 18:30:28.862 +03:00 [INF] Microsoft.AspNetCore.Mvc.Infrastructure.ControllerActionInvoker Executed action modaar.api.Features.Authentication.Controllers.AuthController.Register (modaar.api) in 81.2871ms
2026-04-25 18:30:28.862 +03:00 [INF] Microsoft.AspNetCore.Routing.EndpointMiddleware Executed endpoint 'modaar.api.Features.Authentication.Controllers.AuthController.Register (modaar.api)'
2026-04-25 18:30:28.862 +03:00 [INF] Serilog.AspNetCore.RequestLoggingMiddleware HTTP POST /api/auth/register responded 409 in 84.1780 ms
2026-04-25 18:30:28.862 +03:00 [INF] Microsoft.AspNetCore.Hosting.Diagnostics Request finished HTTP/1.1 POST http://localhost:5259/api/auth/register - 409 null application/json; charset=utf-8 84.5205ms
2026-04-25 18:30:28.942 +03:00 [INF] Microsoft.AspNetCore.Hosting.Diagnostics Request starting HTTP/1.1 POST http://localhost:5259/api/auth/login - application/json 93
2026-04-25 18:30:28.943 +03:00 [INF] Microsoft.AspNetCore.Routing.EndpointMiddleware Executing endpoint 'modaar.api.Features.Authentication.Controllers.AuthController.Login (modaar.api)'
2026-04-25 18:30:28.953 +03:00 [INF] Microsoft.AspNetCore.Mvc.Infrastructure.ControllerActionInvoker Route matched with {action = "Login", controller = "Auth"}. Executing controller action with signature System.Threading.Tasks.Task`1[Microsoft.AspNetCore.Mvc.IActionResult] Login(modaar.api.Features.Authentication.Dtos.LoginRequestDto, System.Threading.CancellationToken) on controller modaar.api.Features.Authentication.Controllers.AuthController (modaar.api).
2026-04-25 18:30:29.023 +03:00 [INF] Microsoft.EntityFrameworkCore.Database.Command Executed DbCommand (15ms) [Parameters=[@__identifier_0='?' (Size = 20), @__countryCode_1='?' (Size = 8)], CommandType='"Text"', CommandTimeout='30']
SELECT TOP(1) [u].[Id], [u].[AccountType], [u].[CountryCode], [u].[CreatedAt], [u].[DeletedAt], [u].[Email], [u].[FullName], [u].[IsActive], [u].[IsDeleted], [u].[IsEmailVerified], [u].[IsPhoneVerified], [u].[LastLoginAt], [u].[NationalId], [u].[PasswordHash], [u].[PhoneNumber], [u].[ProfileImageUrl], [u].[UpdatedAt]
FROM [Users] AS [u]
WHERE [u].[PhoneNumber] = @__identifier_0 AND [u].[CountryCode] = @__countryCode_1 AND [u].[IsDeleted] = CAST(0 AS bit)
2026-04-25 18:30:29.061 +03:00 [INF] Microsoft.EntityFrameworkCore.Database.Command Executed DbCommand (7ms) [Parameters=[@p0='?' (DbType = Guid), @p1='?' (DbType = Int32), @p2='?' (Size = 200), @p3='?' (DbType = DateTimeOffset), @p4='?' (DbType = DateTimeOffset), @p5='?' (Size = 256), @p6='?' (DbType = Guid)], CommandType='"Text"', CommandTimeout='30']
SET IMPLICIT_TRANSACTIONS OFF;
SET NOCOUNT ON;
INSERT INTO [OtpCodes] ([Id], [Attempts], [CodeHash], [ConsumedAt], [ExpiresAt], [Identifier], [UserId])
OUTPUT INSERTED.[CreatedAt]
VALUES (@p0, @p1, @p2, @p3, @p4, @p5, @p6);
2026-04-25 18:30:29.065 +03:00 [WRN] modaar.api.Common.Auth.LoggingOtpDeliverySender [OTP-DEV] Would deliver code 123456 to 5550001777131026 via "Sms"
2026-04-25 18:30:29.066 +03:00 [INF] Microsoft.AspNetCore.Mvc.Infrastructure.ObjectResultExecutor Executing OkObjectResult, writing value of type 'modaar.api.Features.Authentication.Dtos.SendOtpResponseDto'.
2026-04-25 18:30:29.071 +03:00 [INF] Microsoft.AspNetCore.Mvc.Infrastructure.ControllerActionInvoker Executed action modaar.api.Features.Authentication.Controllers.AuthController.Login (modaar.api) in 117.9732ms
2026-04-25 18:30:29.072 +03:00 [INF] Microsoft.AspNetCore.Routing.EndpointMiddleware Executed endpoint 'modaar.api.Features.Authentication.Controllers.AuthController.Login (modaar.api)'
2026-04-25 18:30:29.072 +03:00 [INF] Serilog.AspNetCore.RequestLoggingMiddleware HTTP POST /api/auth/login responded 200 in 128.8362 ms
2026-04-25 18:30:29.072 +03:00 [INF] Microsoft.AspNetCore.Hosting.Diagnostics Request finished HTTP/1.1 POST http://localhost:5259/api/auth/login - 200 null application/json; charset=utf-8 129.4262ms
2026-04-25 18:30:29.183 +03:00 [INF] Microsoft.AspNetCore.Hosting.Diagnostics Request starting HTTP/1.1 POST http://localhost:5259/api/auth/verify-otp - application/json 61
2026-04-25 18:30:29.184 +03:00 [INF] Microsoft.AspNetCore.Routing.EndpointMiddleware Executing endpoint 'modaar.api.Features.Authentication.Controllers.AuthController.VerifyOtp (modaar.api)'
2026-04-25 18:30:29.191 +03:00 [INF] Microsoft.AspNetCore.Mvc.Infrastructure.ControllerActionInvoker Route matched with {action = "VerifyOtp", controller = "Auth"}. Executing controller action with signature System.Threading.Tasks.Task`1[Microsoft.AspNetCore.Mvc.IActionResult] VerifyOtp(modaar.api.Features.Authentication.Dtos.VerifyOtpRequestDto, System.Threading.CancellationToken) on controller modaar.api.Features.Authentication.Controllers.AuthController (modaar.api).
2026-04-25 18:30:29.237 +03:00 [INF] Microsoft.EntityFrameworkCore.Database.Command Executed DbCommand (23ms) [Parameters=[@__identifierNorm_0='?' (Size = 256), @__now_1='?' (DbType = DateTimeOffset)], CommandType='"Text"', CommandTimeout='30']
SELECT TOP(1) [o].[Id], [o].[Attempts], [o].[CodeHash], [o].[ConsumedAt], [o].[CreatedAt], [o].[ExpiresAt], [o].[Identifier], [o].[UserId]
FROM [OtpCodes] AS [o]
WHERE [o].[Identifier] = @__identifierNorm_0 AND [o].[ConsumedAt] IS NULL AND [o].[ExpiresAt] > @__now_1
ORDER BY [o].[CreatedAt] DESC
2026-04-25 18:30:29.256 +03:00 [INF] Microsoft.EntityFrameworkCore.Database.Command Executed DbCommand (8ms) [Parameters=[@__otp_UserId_Value_0='?' (DbType = Guid)], CommandType='"Text"', CommandTimeout='30']
SELECT TOP(1) [u].[Id], [u].[AccountType], [u].[CountryCode], [u].[CreatedAt], [u].[DeletedAt], [u].[Email], [u].[FullName], [u].[IsActive], [u].[IsDeleted], [u].[IsEmailVerified], [u].[IsPhoneVerified], [u].[LastLoginAt], [u].[NationalId], [u].[PasswordHash], [u].[PhoneNumber], [u].[ProfileImageUrl], [u].[UpdatedAt]
FROM [Users] AS [u]
WHERE [u].[Id] = @__otp_UserId_Value_0 AND [u].[IsDeleted] = CAST(0 AS bit)
2026-04-25 18:30:29.311 +03:00 [INF] Microsoft.EntityFrameworkCore.Database.Command Executed DbCommand (38ms) [Parameters=[@p1='?' (DbType = Guid), @p0='?' (DbType = DateTimeOffset), @p2='?' (DbType = Guid), @p3='?' (DbType = DateTimeOffset), @p4='?' (DbType = Guid), @p5='?' (DbType = DateTimeOffset), @p6='?' (Size = 200), @p7='?' (DbType = Guid), @p10='?' (DbType = Guid), @p8='?' (DbType = Boolean), @p9='?' (DbType = DateTimeOffset)], CommandType='"Text"', CommandTimeout='30']
SET NOCOUNT ON;
UPDATE [OtpCodes] SET [ConsumedAt] = @p0
OUTPUT 1
WHERE [Id] = @p1;
INSERT INTO [RefreshTokens] ([Id], [ExpiresAt], [ReplacedByTokenId], [RevokedAt], [TokenHash], [UserId])
OUTPUT INSERTED.[CreatedAt]
VALUES (@p2, @p3, @p4, @p5, @p6, @p7);
UPDATE [Users] SET [IsPhoneVerified] = @p8, [LastLoginAt] = @p9
OUTPUT 1
WHERE [Id] = @p10;
2026-04-25 18:30:29.347 +03:00 [INF] Microsoft.AspNetCore.Mvc.Infrastructure.ObjectResultExecutor Executing OkObjectResult, writing value of type 'modaar.api.Features.Authentication.Dtos.AuthSuccessResponseDto'.
2026-04-25 18:30:29.347 +03:00 [INF] Microsoft.AspNetCore.Mvc.Infrastructure.ControllerActionInvoker Executed action modaar.api.Features.Authentication.Controllers.AuthController.VerifyOtp (modaar.api) in 155.4845ms
2026-04-25 18:30:29.347 +03:00 [INF] Microsoft.AspNetCore.Routing.EndpointMiddleware Executed endpoint 'modaar.api.Features.Authentication.Controllers.AuthController.VerifyOtp (modaar.api)'
2026-04-25 18:30:29.347 +03:00 [INF] Serilog.AspNetCore.RequestLoggingMiddleware HTTP POST /api/auth/verify-otp responded 200 in 162.9492 ms
2026-04-25 18:30:29.347 +03:00 [INF] Microsoft.AspNetCore.Hosting.Diagnostics Request finished HTTP/1.1 POST http://localhost:5259/api/auth/verify-otp - 200 null application/json; charset=utf-8 163.6745ms
2026-04-25 18:30:31.500 +03:00 [INF] Microsoft.AspNetCore.Hosting.Diagnostics Request starting HTTP/1.1 GET http://localhost:5259/api/auth/me - null null
2026-04-25 18:30:31.529 +03:00 [INF] Microsoft.AspNetCore.Routing.EndpointMiddleware Executing endpoint 'modaar.api.Features.Authentication.Controllers.AuthController.Me (modaar.api)'
2026-04-25 18:30:31.532 +03:00 [INF] Microsoft.AspNetCore.Mvc.Infrastructure.ControllerActionInvoker Route matched with {action = "Me", controller = "Auth"}. Executing controller action with signature System.Threading.Tasks.Task`1[Microsoft.AspNetCore.Mvc.IActionResult] Me(System.Threading.CancellationToken) on controller modaar.api.Features.Authentication.Controllers.AuthController (modaar.api).
2026-04-25 18:30:31.612 +03:00 [INF] Microsoft.EntityFrameworkCore.Database.Command Executed DbCommand (6ms) [Parameters=[@__userId_0='?' (DbType = Guid)], CommandType='"Text"', CommandTimeout='30']
SELECT TOP(1) [u].[Id], [u].[AccountType], [u].[CountryCode], [u].[CreatedAt], [u].[DeletedAt], [u].[Email], [u].[FullName], [u].[IsActive], [u].[IsDeleted], [u].[IsEmailVerified], [u].[IsPhoneVerified], [u].[LastLoginAt], [u].[NationalId], [u].[PasswordHash], [u].[PhoneNumber], [u].[ProfileImageUrl], [u].[UpdatedAt]
FROM [Users] AS [u]
WHERE [u].[Id] = @__userId_0 AND [u].[IsDeleted] = CAST(0 AS bit)
2026-04-25 18:30:31.614 +03:00 [INF] Microsoft.AspNetCore.Mvc.Infrastructure.ObjectResultExecutor Executing OkObjectResult, writing value of type 'modaar.api.Features.Authentication.Dtos.UserProfileDto'.
2026-04-25 18:30:31.617 +03:00 [INF] Microsoft.AspNetCore.Mvc.Infrastructure.ControllerActionInvoker Executed action modaar.api.Features.Authentication.Controllers.AuthController.Me (modaar.api) in 84.8625ms
2026-04-25 18:30:31.617 +03:00 [INF] Microsoft.AspNetCore.Routing.EndpointMiddleware Executed endpoint 'modaar.api.Features.Authentication.Controllers.AuthController.Me (modaar.api)'
2026-04-25 18:30:31.617 +03:00 [INF] Serilog.AspNetCore.RequestLoggingMiddleware HTTP GET /api/auth/me responded 200 in 116.4747 ms
2026-04-25 18:30:31.617 +03:00 [INF] Microsoft.AspNetCore.Hosting.Diagnostics Request finished HTTP/1.1 GET http://localhost:5259/api/auth/me - 200 null application/json; charset=utf-8 116.9294ms
2026-04-25 18:30:31.721 +03:00 [INF] Microsoft.AspNetCore.Hosting.Diagnostics Request starting HTTP/1.1 GET http://localhost:5259/api/auth/me - null null
2026-04-25 18:30:31.727 +03:00 [INF] Microsoft.AspNetCore.Authorization.DefaultAuthorizationService Authorization failed. These requirements were not met:
DenyAnonymousAuthorizationRequirement: Requires an authenticated user.
2026-04-25 18:30:31.733 +03:00 [INF] Microsoft.AspNetCore.Authentication.JwtBearer.JwtBearerHandler AuthenticationScheme: Bearer was challenged.
2026-04-25 18:30:31.733 +03:00 [INF] Serilog.AspNetCore.RequestLoggingMiddleware HTTP GET /api/auth/me responded 401 in 11.7050 ms
2026-04-25 18:30:31.733 +03:00 [INF] Microsoft.AspNetCore.Hosting.Diagnostics Request finished HTTP/1.1 GET http://localhost:5259/api/auth/me - 401 0 null 12.2672ms
2026-04-25 18:30:31.838 +03:00 [INF] Microsoft.AspNetCore.Hosting.Diagnostics Request starting HTTP/1.1 POST http://localhost:5259/api/auth/verify-otp - application/json 61
2026-04-25 18:30:31.838 +03:00 [INF] Microsoft.AspNetCore.Routing.EndpointMiddleware Executing endpoint 'modaar.api.Features.Authentication.Controllers.AuthController.VerifyOtp (modaar.api)'
2026-04-25 18:30:31.839 +03:00 [INF] Microsoft.AspNetCore.Mvc.Infrastructure.ControllerActionInvoker Route matched with {action = "VerifyOtp", controller = "Auth"}. Executing controller action with signature System.Threading.Tasks.Task`1[Microsoft.AspNetCore.Mvc.IActionResult] VerifyOtp(modaar.api.Features.Authentication.Dtos.VerifyOtpRequestDto, System.Threading.CancellationToken) on controller modaar.api.Features.Authentication.Controllers.AuthController (modaar.api).
2026-04-25 18:30:31.843 +03:00 [INF] Microsoft.EntityFrameworkCore.Database.Command Executed DbCommand (2ms) [Parameters=[@__identifierNorm_0='?' (Size = 256), @__now_1='?' (DbType = DateTimeOffset)], CommandType='"Text"', CommandTimeout='30']
SELECT TOP(1) [o].[Id], [o].[Attempts], [o].[CodeHash], [o].[ConsumedAt], [o].[CreatedAt], [o].[ExpiresAt], [o].[Identifier], [o].[UserId]
FROM [OtpCodes] AS [o]
WHERE [o].[Identifier] = @__identifierNorm_0 AND [o].[ConsumedAt] IS NULL AND [o].[ExpiresAt] > @__now_1
ORDER BY [o].[CreatedAt] DESC
2026-04-25 18:30:31.844 +03:00 [INF] Microsoft.AspNetCore.Mvc.Infrastructure.ObjectResultExecutor Executing ObjectResult, writing value of type 'Microsoft.AspNetCore.Mvc.ProblemDetails'.
2026-04-25 18:30:31.844 +03:00 [INF] Microsoft.AspNetCore.Mvc.Infrastructure.ControllerActionInvoker Executed action modaar.api.Features.Authentication.Controllers.AuthController.VerifyOtp (modaar.api) in 5.1082ms
2026-04-25 18:30:31.844 +03:00 [INF] Microsoft.AspNetCore.Routing.EndpointMiddleware Executed endpoint 'modaar.api.Features.Authentication.Controllers.AuthController.VerifyOtp (modaar.api)'
2026-04-25 18:30:31.844 +03:00 [INF] Serilog.AspNetCore.RequestLoggingMiddleware HTTP POST /api/auth/verify-otp responded 410 in 6.1139 ms
2026-04-25 18:30:31.844 +03:00 [INF] Microsoft.AspNetCore.Hosting.Diagnostics Request finished HTTP/1.1 POST http://localhost:5259/api/auth/verify-otp - 410 null application/json; charset=utf-8 6.8218ms
2026-04-25 18:30:31.936 +03:00 [INF] Microsoft.AspNetCore.Hosting.Diagnostics Request starting HTTP/1.1 POST http://localhost:5259/api/auth/refresh-token - application/json 110
2026-04-25 18:30:31.936 +03:00 [INF] Microsoft.AspNetCore.Routing.EndpointMiddleware Executing endpoint 'modaar.api.Features.Authentication.Controllers.AuthController.RefreshToken (modaar.api)'
2026-04-25 18:30:31.939 +03:00 [INF] Microsoft.AspNetCore.Mvc.Infrastructure.ControllerActionInvoker Route matched with {action = "RefreshToken", controller = "Auth"}. Executing controller action with signature System.Threading.Tasks.Task`1[Microsoft.AspNetCore.Mvc.IActionResult] RefreshToken(modaar.api.Features.Authentication.Dtos.RefreshTokenRequestDto, System.Threading.CancellationToken) on controller modaar.api.Features.Authentication.Controllers.AuthController (modaar.api).
2026-04-25 18:30:31.955 +03:00 [INF] Microsoft.EntityFrameworkCore.Database.Command Executed DbCommand (7ms) [Parameters=[@__hash_0='?' (Size = 200)], CommandType='"Text"', CommandTimeout='30']
SELECT TOP(1) [r].[Id], [r].[CreatedAt], [r].[ExpiresAt], [r].[ReplacedByTokenId], [r].[RevokedAt], [r].[TokenHash], [r].[UserId]
FROM [RefreshTokens] AS [r]
WHERE [r].[TokenHash] = @__hash_0
2026-04-25 18:30:31.968 +03:00 [INF] Microsoft.EntityFrameworkCore.Database.Command Executed DbCommand (5ms) [Parameters=[@__token_UserId_0='?' (DbType = Guid)], CommandType='"Text"', CommandTimeout='30']
SELECT TOP(1) [u].[Id], [u].[AccountType], [u].[CountryCode], [u].[CreatedAt], [u].[DeletedAt], [u].[Email], [u].[FullName], [u].[IsActive], [u].[IsDeleted], [u].[IsEmailVerified], [u].[IsPhoneVerified], [u].[LastLoginAt], [u].[NationalId], [u].[PasswordHash], [u].[PhoneNumber], [u].[ProfileImageUrl], [u].[UpdatedAt]
FROM [Users] AS [u]
WHERE [u].[Id] = @__token_UserId_0 AND [u].[IsDeleted] = CAST(0 AS bit)
2026-04-25 18:30:31.988 +03:00 [INF] Microsoft.EntityFrameworkCore.Database.Command Executed DbCommand (11ms) [Parameters=[@p2='?' (DbType = Guid), @p0='?' (DbType = Guid), @p1='?' (DbType = DateTimeOffset), @p3='?' (DbType = Guid), @p4='?' (DbType = DateTimeOffset), @p5='?' (DbType = Guid), @p6='?' (DbType = DateTimeOffset), @p7='?' (Size = 200), @p8='?' (DbType = Guid)], CommandType='"Text"', CommandTimeout='30']
SET NOCOUNT ON;
UPDATE [RefreshTokens] SET [ReplacedByTokenId] = @p0, [RevokedAt] = @p1
OUTPUT 1
WHERE [Id] = @p2;
INSERT INTO [RefreshTokens] ([Id], [ExpiresAt], [ReplacedByTokenId], [RevokedAt], [TokenHash], [UserId])
OUTPUT INSERTED.[CreatedAt]
VALUES (@p3, @p4, @p5, @p6, @p7, @p8);
2026-04-25 18:30:31.992 +03:00 [INF] Microsoft.AspNetCore.Mvc.Infrastructure.ObjectResultExecutor Executing OkObjectResult, writing value of type 'modaar.api.Features.Authentication.Dtos.RefreshTokenResponseDto'.
2026-04-25 18:30:31.994 +03:00 [INF] Microsoft.AspNetCore.Mvc.Infrastructure.ControllerActionInvoker Executed action modaar.api.Features.Authentication.Controllers.AuthController.RefreshToken (modaar.api) in 55.0763ms
2026-04-25 18:30:31.994 +03:00 [INF] Microsoft.AspNetCore.Routing.EndpointMiddleware Executed endpoint 'modaar.api.Features.Authentication.Controllers.AuthController.RefreshToken (modaar.api)'
2026-04-25 18:30:31.994 +03:00 [INF] Serilog.AspNetCore.RequestLoggingMiddleware HTTP POST /api/auth/refresh-token responded 200 in 58.4300 ms
2026-04-25 18:30:31.994 +03:00 [INF] Microsoft.AspNetCore.Hosting.Diagnostics Request finished HTTP/1.1 POST http://localhost:5259/api/auth/refresh-token - 200 null application/json; charset=utf-8 58.8119ms
2026-04-25 18:30:32.086 +03:00 [INF] Microsoft.AspNetCore.Hosting.Diagnostics Request starting HTTP/1.1 POST http://localhost:5259/api/auth/refresh-token - application/json 110
2026-04-25 18:30:32.086 +03:00 [INF] Microsoft.AspNetCore.Routing.EndpointMiddleware Executing endpoint 'modaar.api.Features.Authentication.Controllers.AuthController.RefreshToken (modaar.api)'
2026-04-25 18:30:32.086 +03:00 [INF] Microsoft.AspNetCore.Mvc.Infrastructure.ControllerActionInvoker Route matched with {action = "RefreshToken", controller = "Auth"}. Executing controller action with signature System.Threading.Tasks.Task`1[Microsoft.AspNetCore.Mvc.IActionResult] RefreshToken(modaar.api.Features.Authentication.Dtos.RefreshTokenRequestDto, System.Threading.CancellationToken) on controller modaar.api.Features.Authentication.Controllers.AuthController (modaar.api).
2026-04-25 18:30:32.090 +03:00 [INF] Microsoft.EntityFrameworkCore.Database.Command Executed DbCommand (1ms) [Parameters=[@__hash_0='?' (Size = 200)], CommandType='"Text"', CommandTimeout='30']
SELECT TOP(1) [r].[Id], [r].[CreatedAt], [r].[ExpiresAt], [r].[ReplacedByTokenId], [r].[RevokedAt], [r].[TokenHash], [r].[UserId]
FROM [RefreshTokens] AS [r]
WHERE [r].[TokenHash] = @__hash_0
2026-04-25 18:30:32.090 +03:00 [INF] Microsoft.AspNetCore.Mvc.Infrastructure.ObjectResultExecutor Executing ObjectResult, writing value of type 'Microsoft.AspNetCore.Mvc.ProblemDetails'.
2026-04-25 18:30:32.091 +03:00 [INF] Microsoft.AspNetCore.Mvc.Infrastructure.ControllerActionInvoker Executed action modaar.api.Features.Authentication.Controllers.AuthController.RefreshToken (modaar.api) in 4.3542ms
2026-04-25 18:30:32.091 +03:00 [INF] Microsoft.AspNetCore.Routing.EndpointMiddleware Executed endpoint 'modaar.api.Features.Authentication.Controllers.AuthController.RefreshToken (modaar.api)'
2026-04-25 18:30:32.091 +03:00 [INF] Serilog.AspNetCore.RequestLoggingMiddleware HTTP POST /api/auth/refresh-token responded 401 in 4.9037 ms
2026-04-25 18:30:32.091 +03:00 [INF] Microsoft.AspNetCore.Hosting.Diagnostics Request finished HTTP/1.1 POST http://localhost:5259/api/auth/refresh-token - 401 null application/json; charset=utf-8 5.3037ms
